unique requests: 94
live (not stale, not pitched): 47
SENDABLE (live + route + relevance above low): 1
of those, dropped off the newest digest: 0
wrote marketing/haro-outreach/pitch-queue.md
  SEND    2d [medium   ] https://www.sourcee.app/journo-request/employees-blocked-from-ai-o
  (not sendable)    0d [low      ] https://www.sourcee.app/journo-request/aps-hr-leaders-ai-s
  (not sendable)    0d [low      ] https://www.sourcee.app/journo-request/scrum-masters-dayto
  (not sendable)    0d [low      ] https://www.sourcee.app/journo-request/real-estate-agents-
  (not sendable)    0d [low      ] https://www.sourcee.app/journo-request/anz-marketers-ai-an
  (not sendable)    1d [low      ] https://www.sourcee.app/journo-request/ai-infrastructure-e
  (not sendable)    1d [low      ] https://www.sourcee.app/journo-request/plaintiffs-attorney
  (not sendable)    1d [low      ] https://www.sourcee.app/journo-request/emergency-managers-
  (not sendable)    1d [low      ] https://www.sourcee.app/journo-request/coweta-county-artis
  (not sendable)    1d [low      ] https://www.sourcee.app/journo-request/swiss-ai-companion-
  (not sendable)    1d [low      ] https://www.sourcee.app/journo-request/ai-data-labelers-in
  (not sendable)    1d [low      ] https://www.sourcee.app/journo-request/ai-data-annotators-
  (not sendable)    1d [low-medium] https://www.sourcee.app/journo-request/uk-companies-implem
  (not sendable)    1d [low      ] https://www.sourcee.app/journo-request/ai-chatbot-users-an
  (not sendable)    1d [low      ] https://www.sourcee.app/journo-request/academics-social-me
  (not sendable)    2d [low      ] https://www.sourcee.app/journo-request/ai-liability-insure
  (not sendable)    2d [low      ] https://www.sourcee.app/journo-request/uk-cybersecurity-hi
  (not sendable)    2d [low      ] https://www.sourcee.app/journo-request/ai-emotional-suppor
  (not sendable)    2d [low      ] https://www.sourcee.app/journo-request/mortgage-adviser-us
  (not sendable)    2d [low      ] https://www.sourcee.app/journo-request/founders-and-cxos-i
  (not sendable)    3d [low      ] https://www.sourcee.app/journo-request/video-game-develope
  (not sendable)    4d [low      ] https://www.sourcee.app/journo-request/lawyers-and-tech-et
  (not sendable)    4d [low      ] https://www.sourcee.app/journo-request/mls-executives-risk
  (not sendable)    4d [low      ] https://www.sourcee.app/journo-request/real-estate-agents-
  (not sendable)    4d [low      ] https://www.sourcee.app/journo-request/advertising-tech-an
  (not sendable)    5d [low      ] https://www.sourcee.app/journo-request/storytellers-and-br
  (not sendable)    5d [low      ] https://www.sourcee.app/journo-request/newsletter-editors-
  (not sendable)    5d [low      ] https://www.sourcee.app/journo-request/scottish-teachers-a
  (not sendable)    5d [low-medium] https://www.sourcee.app/journo-request/law-firm-lawyers-co
  (not sendable)    5d [low      ] https://www.sourcee.app/journo-request/hr-leaders-company-
  (not sendable)    6d [low      ] https://www.sourcee.app/journo-request/fea-engineers-using
  (not sendable)    6d [low      ] https://www.sourcee.app/journo-request/parents-ai-acting-a
  (not sendable)    6d [low-medium] https://www.sourcee.app/journo-request/employees-conflicte
  (not sendable)    6d [low      ] https://www.sourcee.app/journo-request/fb-marketplace-sell
  (not sendable)    6d [low      ] https://www.sourcee.app/journo-request/k8-and-hs-teachers-
  (not sendable)    6d [low      ] https://www.sourcee.app/journo-request/ai-summit-barcelona
  (not sendable)    6d [low      ] https://www.sourcee.app/journo-request/ai-glasses-owners-u
  (not sendable)    7d [low      ] https://www.sourcee.app/journo-request/cybersecurity-exper
  (not sendable)    7d [low      ] https://www.sourcee.app/journo-request/chatbot-users-exper
  (not sendable)    7d [low      ] https://www.sourcee.app/journo-request/us-ai-security-expe
  (not sendable)    7d [low      ] https://www.sourcee.app/journo-request/real-estate-agents-
  (not sendable)    8d [low-medium] https://www.sourcee.app/journo-request/insurance-agents-ai
  (not sendable)    8d [low      ] https://www.sourcee.app/journo-request/us-emergency-physic
  (not sendable)    8d [low      ] https://www.sourcee.app/journo-request/job-seekers-and-rec
  (not sendable)    9d [low      ] https://www.sourcee.app/journo-request/data-center-operato
  (not sendable)    9d [low      ] https://www.sourcee.app/journo-request/b2b-marketing-leade
  (not sendable)    9d [low      ] https://www.sourcee.app/journo-request/ai-practitioners-an
